{
  "version": "1.5.0",
  "plugins_used": [
    {
      "name": "ArtifactoryDetector"
    },
    {
      "name": "AWSKeyDetector"
    },
    {
      "name": "AzureStorageKeyDetector"
    },
    {
      "name": "Base64HighEntropyString",
      "limit": 4.5
    },
    {
      "name": "BasicAuthDetector"
    },
    {
      "name": "CloudantDetector"
    },
    {
      "name": "DiscordBotTokenDetector"
    },
    {
      "name": "GitHubTokenDetector"
    },
    {
      "name": "GitLabTokenDetector"
    },
    {
      "name": "HexHighEntropyString",
      "limit": 3.0
    },
    {
      "name": "IbmCloudIamDetector"
    },
    {
      "name": "IbmCosHmacDetector"
    },
    {
      "name": "IPPublicDetector"
    },
    {
      "name": "JwtTokenDetector"
    },
    {
      "name": "KeywordDetector",
      "keyword_exclude": ""
    },
    {
      "name": "MailchimpDetector"
    },
    {
      "name": "NpmDetector"
    },
    {
      "name": "OpenAIDetector"
    },
    {
      "name": "PrivateKeyDetector"
    },
    {
      "name": "PypiTokenDetector"
    },
    {
      "name": "SendGridDetector"
    },
    {
      "name": "SlackDetector"
    },
    {
      "name": "SoftlayerDetector"
    },
    {
      "name": "SquareOAuthDetector"
    },
    {
      "name": "StripeDetector"
    },
    {
      "name": "TelegramBotTokenDetector"
    },
    {
      "name": "TwilioKeyDetector"
    }
  ],
  "filters_used": [
    {
      "path": "detect_secrets.filters.allowlist.is_line_allowlisted"
    },
    {
      "path": "detect_secrets.filters.common.is_baseline_file",
      "filename": ".secrets.baseline"
    },
    {
      "path": "detect_secrets.filters.common.is_ignored_due_to_verification_policies",
      "min_level": 2
    },
    {
      "path": "detect_secrets.filters.heuristic.is_indirect_reference"
    },
    {
      "path": "detect_secrets.filters.heuristic.is_likely_id_string"
    },
    {
      "path": "detect_secrets.filters.heuristic.is_lock_file"
    },
    {
      "path": "detect_secrets.filters.heuristic.is_not_alphanumeric_string"
    },
    {
      "path": "detect_secrets.filters.heuristic.is_potential_uuid"
    },
    {
      "path": "detect_secrets.filters.heuristic.is_prefixed_with_dollar_sign"
    },
    {
      "path": "detect_secrets.filters.heuristic.is_sequential_string"
    },
    {
      "path": "detect_secrets.filters.heuristic.is_swagger_file"
    },
    {
      "path": "detect_secrets.filters.heuristic.is_templated_secret"
    }
  ],
  "results": {
    ".agent-harness.yml": [
      {
        "type": "Hex High Entropy String",
        "filename": ".agent-harness.yml",
        "hashed_secret": "0228881ef5955f214f1f7011cda97adce4bbd11b",
        "is_verified": false,
        "line_number": 3
      }
    ],
    ".agent-harness/cache/exports/codex/pack-status.json": [
      {
        "type": "Hex High Entropy String",
        "filename": ".agent-harness/cache/exports/codex/pack-status.json",
        "hashed_secret": "0228881ef5955f214f1f7011cda97adce4bbd11b",
        "is_verified": false,
        "line_number": 2
      }
    ],
    ".agent-harness/cache/metadata.json": [
      {
        "type": "Hex High Entropy String",
        "filename": ".agent-harness/cache/metadata.json",
        "hashed_secret": "0228881ef5955f214f1f7011cda97adce4bbd11b",
        "is_verified": false,
        "line_number": 4
      }
    ],
    ".agent-harness/cache/repos/orgs-ai-harness/approval.yml": [
      {
        "type": "Hex High Entropy String",
        "filename": ".agent-harness/cache/repos/orgs-ai-harness/approval.yml",
        "hashed_secret": "1f0ebcdfa19abb8da9011325b5d6ec1057fbbf57",
        "is_verified": false,
        "line_number": 49
      },
      {
        "type": "Hex High Entropy String",
        "filename": ".agent-harness/cache/repos/orgs-ai-harness/approval.yml",
        "hashed_secret": "3f1ef0ffe82e34de35ba01b58b6560c27bc1c7b0",
        "is_verified": false,
        "line_number": 54
      },
      {
        "type": "Hex High Entropy String",
        "filename": ".agent-harness/cache/repos/orgs-ai-harness/approval.yml",
        "hashed_secret": "0fab0499bc5a9de8662968a665d35a56d3608df5",
        "is_verified": false,
        "line_number": 59
      },
      {
        "type": "Hex High Entropy String",
        "filename": ".agent-harness/cache/repos/orgs-ai-harness/approval.yml",
        "hashed_secret": "2eca6006367b1c8d649febd21bc8d249c93b2852",
        "is_verified": false,
        "line_number": 64
      },
      {
        "type": "Hex High Entropy String",
        "filename": ".agent-harness/cache/repos/orgs-ai-harness/approval.yml",
        "hashed_secret": "f4fe217c616472137b1feaca7d64e5a72c7c905a",
        "is_verified": false,
        "line_number": 69
      },
      {
        "type": "Hex High Entropy String",
        "filename": ".agent-harness/cache/repos/orgs-ai-harness/approval.yml",
        "hashed_secret": "cf52c9b28ddeb69052fe2e547e1c29749443c504",
        "is_verified": false,
        "line_number": 74
      },
      {
        "type": "Hex High Entropy String",
        "filename": ".agent-harness/cache/repos/orgs-ai-harness/approval.yml",
        "hashed_secret": "03c8b9b5ec73b6862e008dbeeccee492c6ce04bf",
        "is_verified": false,
        "line_number": 79
      },
      {
        "type": "Hex High Entropy String",
        "filename": ".agent-harness/cache/repos/orgs-ai-harness/approval.yml",
        "hashed_secret": "fe118e1ad6e7be58ad37ba523c2c314721262713",
        "is_verified": false,
        "line_number": 84
      },
      {
        "type": "Hex High Entropy String",
        "filename": ".agent-harness/cache/repos/orgs-ai-harness/approval.yml",
        "hashed_secret": "2a37d4a12f60fcd8df3c3b6aadbd2ad542e06840",
        "is_verified": false,
        "line_number": 124
      },
      {
        "type": "Hex High Entropy String",
        "filename": ".agent-harness/cache/repos/orgs-ai-harness/approval.yml",
        "hashed_secret": "9ac6c20107de24ab5c8175f07ba19a6649c1ccc6",
        "is_verified": false,
        "line_number": 129
      },
      {
        "type": "Hex High Entropy String",
        "filename": ".agent-harness/cache/repos/orgs-ai-harness/approval.yml",
        "hashed_secret": "c7d37f72fc506b52d2e0befd58d4c0ca9daf0405",
        "is_verified": false,
        "line_number": 134
      },
      {
        "type": "Hex High Entropy String",
        "filename": ".agent-harness/cache/repos/orgs-ai-harness/approval.yml",
        "hashed_secret": "bf50ee5ee3eaae85c927dbba7cba3d874cab3358",
        "is_verified": false,
        "line_number": 139
      },
      {
        "type": "Hex High Entropy String",
        "filename": ".agent-harness/cache/repos/orgs-ai-harness/approval.yml",
        "hashed_secret": "c22f4c5a063c9dfc232e3437826014c8fa41cf38",
        "is_verified": false,
        "line_number": 144
      },
      {
        "type": "Hex High Entropy String",
        "filename": ".agent-harness/cache/repos/orgs-ai-harness/approval.yml",
        "hashed_secret": "047cfe663f00de580f4e53f4498fec63c8c93e8e",
        "is_verified": false,
        "line_number": 149
      },
      {
        "type": "Hex High Entropy String",
        "filename": ".agent-harness/cache/repos/orgs-ai-harness/approval.yml",
        "hashed_secret": "d965665738340dd18bfd7b9019af67d464bb9f6e",
        "is_verified": false,
        "line_number": 154
      },
      {
        "type": "Hex High Entropy String",
        "filename": ".agent-harness/cache/repos/orgs-ai-harness/approval.yml",
        "hashed_secret": "611d3d7ffa43a643320ec6d0d62be4c92ee247ed",
        "is_verified": false,
        "line_number": 159
      },
      {
        "type": "Hex High Entropy String",
        "filename": ".agent-harness/cache/repos/orgs-ai-harness/approval.yml",
        "hashed_secret": "c183e402d51a98f2b03b34254ebc716a7d3c698b",
        "is_verified": false,
        "line_number": 164
      },
      {
        "type": "Hex High Entropy String",
        "filename": ".agent-harness/cache/repos/orgs-ai-harness/approval.yml",
        "hashed_secret": "e0ab8fc9582b7889d9fac4647586c2138db9cc22",
        "is_verified": false,
        "line_number": 204
      },
      {
        "type": "Hex High Entropy String",
        "filename": ".agent-harness/cache/repos/orgs-ai-harness/approval.yml",
        "hashed_secret": "e8f851aaea5d9d1341513d032d5ae1136a2045c3",
        "is_verified": false,
        "line_number": 209
      }
    ],
    ".agent-harness/cache/repos/orgs-ai-harness/llm-skill-generation.log": [
      {
        "type": "Hex High Entropy String",
        "filename": ".agent-harness/cache/repos/orgs-ai-harness/llm-skill-generation.log",
        "hashed_secret": "2dba1a68629033bf42cc5165903c775f408e1526",
        "is_verified": false,
        "line_number": 1630
      }
    ],
    ".agent-harness/cache/repos/orgs-ai-harness/scan/scan-manifest.yml": [
      {
        "type": "Hex High Entropy String",
        "filename": ".agent-harness/cache/repos/orgs-ai-harness/scan/scan-manifest.yml",
        "hashed_secret": "2dba1a68629033bf42cc5165903c775f408e1526",
        "is_verified": false,
        "line_number": 4
      }
    ],
    "org-agent-skills/repos/agent-vitals/approval.yml": [
      {
        "type": "Hex High Entropy String",
        "filename": "org-agent-skills/repos/agent-vitals/approval.yml",
        "hashed_secret": "eaa477c63247e00553847ee8b55337c171ac495b",
        "is_verified": false,
        "line_number": 45
      },
      {
        "type": "Hex High Entropy String",
        "filename": "org-agent-skills/repos/agent-vitals/approval.yml",
        "hashed_secret": "938505f4f034a987f75fb24cbf5ab2dc10e323fd",
        "is_verified": false,
        "line_number": 50
      },
      {
        "type": "Hex High Entropy String",
        "filename": "org-agent-skills/repos/agent-vitals/approval.yml",
        "hashed_secret": "7c4651dde3dc37d60b3d7edf5b3f3380e8e35515",
        "is_verified": false,
        "line_number": 55
      },
      {
        "type": "Hex High Entropy String",
        "filename": "org-agent-skills/repos/agent-vitals/approval.yml",
        "hashed_secret": "01bed774f6c3d930e1274d57c1f8f374c45f8b0c",
        "is_verified": false,
        "line_number": 60
      },
      {
        "type": "Hex High Entropy String",
        "filename": "org-agent-skills/repos/agent-vitals/approval.yml",
        "hashed_secret": "69a2696191f1adf893bbb7d7408fb53a63bc6a72",
        "is_verified": false,
        "line_number": 65
      },
      {
        "type": "Hex High Entropy String",
        "filename": "org-agent-skills/repos/agent-vitals/approval.yml",
        "hashed_secret": "cd99e791c12a0bb21abfdba6b7839cd8857d2373",
        "is_verified": false,
        "line_number": 70
      },
      {
        "type": "Hex High Entropy String",
        "filename": "org-agent-skills/repos/agent-vitals/approval.yml",
        "hashed_secret": "b1aac09a45bd8acefd38a8b67552903d48f3661e",
        "is_verified": false,
        "line_number": 75
      },
      {
        "type": "Hex High Entropy String",
        "filename": "org-agent-skills/repos/agent-vitals/approval.yml",
        "hashed_secret": "4e21fc96ce4834b4b5ab71726acd72cec95adcd8",
        "is_verified": false,
        "line_number": 110
      },
      {
        "type": "Hex High Entropy String",
        "filename": "org-agent-skills/repos/agent-vitals/approval.yml",
        "hashed_secret": "1adc59e9d6148945b62ca6f73c1ec2b85386cea3",
        "is_verified": false,
        "line_number": 115
      },
      {
        "type": "Hex High Entropy String",
        "filename": "org-agent-skills/repos/agent-vitals/approval.yml",
        "hashed_secret": "8c018369db298f2e5d422980b96e0232f7858fb7",
        "is_verified": false,
        "line_number": 120
      },
      {
        "type": "Hex High Entropy String",
        "filename": "org-agent-skills/repos/agent-vitals/approval.yml",
        "hashed_secret": "b32ea68ee3e5e4040e92b4224bf748686efb4f67",
        "is_verified": false,
        "line_number": 125
      },
      {
        "type": "Hex High Entropy String",
        "filename": "org-agent-skills/repos/agent-vitals/approval.yml",
        "hashed_secret": "9de1ef06fee923e3396636cf16f00b69a50fe5a9",
        "is_verified": false,
        "line_number": 130
      },
      {
        "type": "Hex High Entropy String",
        "filename": "org-agent-skills/repos/agent-vitals/approval.yml",
        "hashed_secret": "febeef041ce790f6d431e0047323912ad5df7810",
        "is_verified": false,
        "line_number": 135
      },
      {
        "type": "Hex High Entropy String",
        "filename": "org-agent-skills/repos/agent-vitals/approval.yml",
        "hashed_secret": "4f919ea75fbb38e019cb2852a6031b23b9fabcd5",
        "is_verified": false,
        "line_number": 140
      },
      {
        "type": "Hex High Entropy String",
        "filename": "org-agent-skills/repos/agent-vitals/approval.yml",
        "hashed_secret": "611d3d7ffa43a643320ec6d0d62be4c92ee247ed",
        "is_verified": false,
        "line_number": 145
      },
      {
        "type": "Hex High Entropy String",
        "filename": "org-agent-skills/repos/agent-vitals/approval.yml",
        "hashed_secret": "7a7525c8462a5a22a81eb18cdf9d548452bb63a2",
        "is_verified": false,
        "line_number": 150
      },
      {
        "type": "Hex High Entropy String",
        "filename": "org-agent-skills/repos/agent-vitals/approval.yml",
        "hashed_secret": "06e8dac239e8b9eff9aac4267f0003b8484d30c6",
        "is_verified": false,
        "line_number": 185
      }
    ],
    "org-agent-skills/repos/agent-vitals/eval-report.yml": [
      {
        "type": "Hex High Entropy String",
        "filename": "org-agent-skills/repos/agent-vitals/eval-report.yml",
        "hashed_secret": "93f8dd4e7230d2db4af45a51b907fdb63f50296d",
        "is_verified": false,
        "line_number": 5
      }
    ],
    "org-agent-skills/repos/agent-vitals/llm-skill-generation.log": [
      {
        "type": "Hex High Entropy String",
        "filename": "org-agent-skills/repos/agent-vitals/llm-skill-generation.log",
        "hashed_secret": "93f8dd4e7230d2db4af45a51b907fdb63f50296d",
        "is_verified": false,
        "line_number": 7623
      }
    ],
    "org-agent-skills/repos/agent-vitals/scan/scan-manifest.yml": [
      {
        "type": "Hex High Entropy String",
        "filename": "org-agent-skills/repos/agent-vitals/scan/scan-manifest.yml",
        "hashed_secret": "93f8dd4e7230d2db4af45a51b907fdb63f50296d",
        "is_verified": false,
        "line_number": 4
      }
    ],
    "org-agent-skills/repos/agents-toolbelt/approval.yml": [
      {
        "type": "Hex High Entropy String",
        "filename": "org-agent-skills/repos/agents-toolbelt/approval.yml",
        "hashed_secret": "4d8be7e79667349ba1a5c032c18b720bdac6bbf3",
        "is_verified": false,
        "line_number": 45
      },
      {
        "type": "Hex High Entropy String",
        "filename": "org-agent-skills/repos/agents-toolbelt/approval.yml",
        "hashed_secret": "c17fd3542702d237906b958b34fa046e9724a81a",
        "is_verified": false,
        "line_number": 50
      },
      {
        "type": "Hex High Entropy String",
        "filename": "org-agent-skills/repos/agents-toolbelt/approval.yml",
        "hashed_secret": "dda2990c83276875e0cbbc461849e64080745c50",
        "is_verified": false,
        "line_number": 55
      },
      {
        "type": "Hex High Entropy String",
        "filename": "org-agent-skills/repos/agents-toolbelt/approval.yml",
        "hashed_secret": "f6cf5d725e8c27f7d4355674694624c65f96d675",
        "is_verified": false,
        "line_number": 60
      },
      {
        "type": "Hex High Entropy String",
        "filename": "org-agent-skills/repos/agents-toolbelt/approval.yml",
        "hashed_secret": "861c76c71d9878e1e7dd0f8a9a7a40bdb3934567",
        "is_verified": false,
        "line_number": 65
      },
      {
        "type": "Hex High Entropy String",
        "filename": "org-agent-skills/repos/agents-toolbelt/approval.yml",
        "hashed_secret": "66c5aa905b37e064059acfa67e4ea9a17eb2e189",
        "is_verified": false,
        "line_number": 70
      },
      {
        "type": "Hex High Entropy String",
        "filename": "org-agent-skills/repos/agents-toolbelt/approval.yml",
        "hashed_secret": "fd19107c38cd16274a5d0a4f45d6e0dfbad31c24",
        "is_verified": false,
        "line_number": 75
      },
      {
        "type": "Hex High Entropy String",
        "filename": "org-agent-skills/repos/agents-toolbelt/approval.yml",
        "hashed_secret": "db2570d49cd21e83ecc43a5597a63cf2e6300422",
        "is_verified": false,
        "line_number": 110
      },
      {
        "type": "Hex High Entropy String",
        "filename": "org-agent-skills/repos/agents-toolbelt/approval.yml",
        "hashed_secret": "9f74aacd046c993ba8a0803d9baeadcd0b90c17c",
        "is_verified": false,
        "line_number": 115
      },
      {
        "type": "Hex High Entropy String",
        "filename": "org-agent-skills/repos/agents-toolbelt/approval.yml",
        "hashed_secret": "83ffea02b1a9c57bc1d86df4a657df478b16dbe7",
        "is_verified": false,
        "line_number": 120
      },
      {
        "type": "Hex High Entropy String",
        "filename": "org-agent-skills/repos/agents-toolbelt/approval.yml",
        "hashed_secret": "3c04abe316b13ade1bc3ce56c0bc2ffd64cc9c76",
        "is_verified": false,
        "line_number": 125
      },
      {
        "type": "Hex High Entropy String",
        "filename": "org-agent-skills/repos/agents-toolbelt/approval.yml",
        "hashed_secret": "38b35a3558186a19d8650a35cf377fa1cd9572e8",
        "is_verified": false,
        "line_number": 130
      },
      {
        "type": "Hex High Entropy String",
        "filename": "org-agent-skills/repos/agents-toolbelt/approval.yml",
        "hashed_secret": "1b6c448b4d70bc89ac9c88e6b4c96c477891fad5",
        "is_verified": false,
        "line_number": 135
      },
      {
        "type": "Hex High Entropy String",
        "filename": "org-agent-skills/repos/agents-toolbelt/approval.yml",
        "hashed_secret": "bbef4f9ecddb4ebf341c26abc1d139f1404610a5",
        "is_verified": false,
        "line_number": 140
      },
      {
        "type": "Hex High Entropy String",
        "filename": "org-agent-skills/repos/agents-toolbelt/approval.yml",
        "hashed_secret": "611d3d7ffa43a643320ec6d0d62be4c92ee247ed",
        "is_verified": false,
        "line_number": 145
      },
      {
        "type": "Hex High Entropy String",
        "filename": "org-agent-skills/repos/agents-toolbelt/approval.yml",
        "hashed_secret": "8feeec7cdd655473239a64d0e7ceb66ddf6b76ec",
        "is_verified": false,
        "line_number": 150
      },
      {
        "type": "Hex High Entropy String",
        "filename": "org-agent-skills/repos/agents-toolbelt/approval.yml",
        "hashed_secret": "52a384e42f1d58bf3222294af71a8dfc352040ea",
        "is_verified": false,
        "line_number": 185
      }
    ],
    "org-agent-skills/repos/agents-toolbelt/eval-report.yml": [
      {
        "type": "Hex High Entropy String",
        "filename": "org-agent-skills/repos/agents-toolbelt/eval-report.yml",
        "hashed_secret": "ae3822be7c49d47657c763d369e5c16cf1496cac",
        "is_verified": false,
        "line_number": 5
      }
    ],
    "org-agent-skills/repos/agents-toolbelt/scan/scan-manifest.yml": [
      {
        "type": "Hex High Entropy String",
        "filename": "org-agent-skills/repos/agents-toolbelt/scan/scan-manifest.yml",
        "hashed_secret": "ae3822be7c49d47657c763d369e5c16cf1496cac",
        "is_verified": false,
        "line_number": 4
      }
    ],
    "org-agent-skills/repos/horizon-starknet/approval.yml": [
      {
        "type": "Hex High Entropy String",
        "filename": "org-agent-skills/repos/horizon-starknet/approval.yml",
        "hashed_secret": "360d240525554ba3792e0580eb9b6ec1317a834d",
        "is_verified": false,
        "line_number": 42
      },
      {
        "type": "Hex High Entropy String",
        "filename": "org-agent-skills/repos/horizon-starknet/approval.yml",
        "hashed_secret": "4f2c32035ac37eb18c41c838f284d7296e0438ba",
        "is_verified": false,
        "line_number": 47
      },
      {
        "type": "Hex High Entropy String",
        "filename": "org-agent-skills/repos/horizon-starknet/approval.yml",
        "hashed_secret": "4c2174794b6adee3b4e8b5eea262ffcf5d33292e",
        "is_verified": false,
        "line_number": 52
      },
      {
        "type": "Hex High Entropy String",
        "filename": "org-agent-skills/repos/horizon-starknet/approval.yml",
        "hashed_secret": "46cfa1277b1f28ecad8d134701c5eedec1e0b129",
        "is_verified": false,
        "line_number": 57
      },
      {
        "type": "Hex High Entropy String",
        "filename": "org-agent-skills/repos/horizon-starknet/approval.yml",
        "hashed_secret": "8e52fe2c4ee9fda191026a2f066bba57ca1f131b",
        "is_verified": false,
        "line_number": 62
      },
      {
        "type": "Hex High Entropy String",
        "filename": "org-agent-skills/repos/horizon-starknet/approval.yml",
        "hashed_secret": "aaa448d832a05d7bf1e3c85eff72acb4434ce330",
        "is_verified": false,
        "line_number": 67
      },
      {
        "type": "Hex High Entropy String",
        "filename": "org-agent-skills/repos/horizon-starknet/approval.yml",
        "hashed_secret": "27e13d0e3ba70db0a09d45459348b25cc3af9cf9",
        "is_verified": false,
        "line_number": 97
      },
      {
        "type": "Hex High Entropy String",
        "filename": "org-agent-skills/repos/horizon-starknet/approval.yml",
        "hashed_secret": "7380b5d53538b4e61b96873d0fbca16706869555",
        "is_verified": false,
        "line_number": 102
      },
      {
        "type": "Hex High Entropy String",
        "filename": "org-agent-skills/repos/horizon-starknet/approval.yml",
        "hashed_secret": "6e55500a17435ac4cee6c5d285770e468b9afe0e",
        "is_verified": false,
        "line_number": 107
      },
      {
        "type": "Hex High Entropy String",
        "filename": "org-agent-skills/repos/horizon-starknet/approval.yml",
        "hashed_secret": "11b72be5d82ec6a0e2dba344ae588076095cadb8",
        "is_verified": false,
        "line_number": 112
      },
      {
        "type": "Hex High Entropy String",
        "filename": "org-agent-skills/repos/horizon-starknet/approval.yml",
        "hashed_secret": "cc4ae3bc1a9dcd2e59ee366a25142056dcd2d195",
        "is_verified": false,
        "line_number": 117
      },
      {
        "type": "Hex High Entropy String",
        "filename": "org-agent-skills/repos/horizon-starknet/approval.yml",
        "hashed_secret": "c10275b36cc68776ab5832c3c46b4a901238899a",
        "is_verified": false,
        "line_number": 122
      },
      {
        "type": "Hex High Entropy String",
        "filename": "org-agent-skills/repos/horizon-starknet/approval.yml",
        "hashed_secret": "1f885cb5fdebcb51b3abaf13de1bc5871eec02ab",
        "is_verified": false,
        "line_number": 127
      },
      {
        "type": "Hex High Entropy String",
        "filename": "org-agent-skills/repos/horizon-starknet/approval.yml",
        "hashed_secret": "611d3d7ffa43a643320ec6d0d62be4c92ee247ed",
        "is_verified": false,
        "line_number": 132
      },
      {
        "type": "Hex High Entropy String",
        "filename": "org-agent-skills/repos/horizon-starknet/approval.yml",
        "hashed_secret": "dcb3533b69263b31dc39572b271f4538bdc1a1f5",
        "is_verified": false,
        "line_number": 137
      },
      {
        "type": "Hex High Entropy String",
        "filename": "org-agent-skills/repos/horizon-starknet/approval.yml",
        "hashed_secret": "da7ce0ac89c4dd9e0517c55395a39499aec6afae",
        "is_verified": false,
        "line_number": 167
      }
    ],
    "org-agent-skills/repos/horizon-starknet/eval-report.yml": [
      {
        "type": "Hex High Entropy String",
        "filename": "org-agent-skills/repos/horizon-starknet/eval-report.yml",
        "hashed_secret": "d08a32a719233527b7298d2150164a6e02c8c664",
        "is_verified": false,
        "line_number": 5
      }
    ],
    "org-agent-skills/repos/horizon-starknet/llm-skill-generation.log": [
      {
        "type": "Basic Auth Credentials",
        "filename": "org-agent-skills/repos/horizon-starknet/llm-skill-generation.log",
        "hashed_secret": "2e1a00b4a2a5c9aaf734947e32a1ec59099c76cb",
        "is_verified": false,
        "line_number": 3083
      },
      {
        "type": "Basic Auth Credentials",
        "filename": "org-agent-skills/repos/horizon-starknet/llm-skill-generation.log",
        "hashed_secret": "9d4e1e23bd5b727046a9e3b4b7db57bd8d6ee684",
        "is_verified": false,
        "line_number": 8265
      },
      {
        "type": "Basic Auth Credentials",
        "filename": "org-agent-skills/repos/horizon-starknet/llm-skill-generation.log",
        "hashed_secret": "5baa61e4c9b93f3f0682250b6cf8331b7ee68fd8",
        "is_verified": false,
        "line_number": 9461
      },
      {
        "type": "Basic Auth Credentials",
        "filename": "org-agent-skills/repos/horizon-starknet/llm-skill-generation.log",
        "hashed_secret": "b60d121b438a380c343d5ec3c2037564b82ffef3",
        "is_verified": false,
        "line_number": 10454
      }
    ],
    "org-agent-skills/repos/horizon-starknet/scan/scan-manifest.yml": [
      {
        "type": "Hex High Entropy String",
        "filename": "org-agent-skills/repos/horizon-starknet/scan/scan-manifest.yml",
        "hashed_secret": "d08a32a719233527b7298d2150164a6e02c8c664",
        "is_verified": false,
        "line_number": 4
      }
    ],
    "org-agent-skills/repos/orgs-ai-harness/approval.yml": [
      {
        "type": "Hex High Entropy String",
        "filename": "org-agent-skills/repos/orgs-ai-harness/approval.yml",
        "hashed_secret": "1f0ebcdfa19abb8da9011325b5d6ec1057fbbf57",
        "is_verified": false,
        "line_number": 49
      },
      {
        "type": "Hex High Entropy String",
        "filename": "org-agent-skills/repos/orgs-ai-harness/approval.yml",
        "hashed_secret": "3f1ef0ffe82e34de35ba01b58b6560c27bc1c7b0",
        "is_verified": false,
        "line_number": 54
      },
      {
        "type": "Hex High Entropy String",
        "filename": "org-agent-skills/repos/orgs-ai-harness/approval.yml",
        "hashed_secret": "0fab0499bc5a9de8662968a665d35a56d3608df5",
        "is_verified": false,
        "line_number": 59
      },
      {
        "type": "Hex High Entropy String",
        "filename": "org-agent-skills/repos/orgs-ai-harness/approval.yml",
        "hashed_secret": "2eca6006367b1c8d649febd21bc8d249c93b2852",
        "is_verified": false,
        "line_number": 64
      },
      {
        "type": "Hex High Entropy String",
        "filename": "org-agent-skills/repos/orgs-ai-harness/approval.yml",
        "hashed_secret": "f4fe217c616472137b1feaca7d64e5a72c7c905a",
        "is_verified": false,
        "line_number": 69
      },
      {
        "type": "Hex High Entropy String",
        "filename": "org-agent-skills/repos/orgs-ai-harness/approval.yml",
        "hashed_secret": "cf52c9b28ddeb69052fe2e547e1c29749443c504",
        "is_verified": false,
        "line_number": 74
      },
      {
        "type": "Hex High Entropy String",
        "filename": "org-agent-skills/repos/orgs-ai-harness/approval.yml",
        "hashed_secret": "03c8b9b5ec73b6862e008dbeeccee492c6ce04bf",
        "is_verified": false,
        "line_number": 79
      },
      {
        "type": "Hex High Entropy String",
        "filename": "org-agent-skills/repos/orgs-ai-harness/approval.yml",
        "hashed_secret": "fe118e1ad6e7be58ad37ba523c2c314721262713",
        "is_verified": false,
        "line_number": 84
      },
      {
        "type": "Hex High Entropy String",
        "filename": "org-agent-skills/repos/orgs-ai-harness/approval.yml",
        "hashed_secret": "2a37d4a12f60fcd8df3c3b6aadbd2ad542e06840",
        "is_verified": false,
        "line_number": 124
      },
      {
        "type": "Hex High Entropy String",
        "filename": "org-agent-skills/repos/orgs-ai-harness/approval.yml",
        "hashed_secret": "9ac6c20107de24ab5c8175f07ba19a6649c1ccc6",
        "is_verified": false,
        "line_number": 129
      },
      {
        "type": "Hex High Entropy String",
        "filename": "org-agent-skills/repos/orgs-ai-harness/approval.yml",
        "hashed_secret": "c7d37f72fc506b52d2e0befd58d4c0ca9daf0405",
        "is_verified": false,
        "line_number": 134
      },
      {
        "type": "Hex High Entropy String",
        "filename": "org-agent-skills/repos/orgs-ai-harness/approval.yml",
        "hashed_secret": "bf50ee5ee3eaae85c927dbba7cba3d874cab3358",
        "is_verified": false,
        "line_number": 139
      },
      {
        "type": "Hex High Entropy String",
        "filename": "org-agent-skills/repos/orgs-ai-harness/approval.yml",
        "hashed_secret": "c22f4c5a063c9dfc232e3437826014c8fa41cf38",
        "is_verified": false,
        "line_number": 144
      },
      {
        "type": "Hex High Entropy String",
        "filename": "org-agent-skills/repos/orgs-ai-harness/approval.yml",
        "hashed_secret": "047cfe663f00de580f4e53f4498fec63c8c93e8e",
        "is_verified": false,
        "line_number": 149
      },
      {
        "type": "Hex High Entropy String",
        "filename": "org-agent-skills/repos/orgs-ai-harness/approval.yml",
        "hashed_secret": "d965665738340dd18bfd7b9019af67d464bb9f6e",
        "is_verified": false,
        "line_number": 154
      },
      {
        "type": "Hex High Entropy String",
        "filename": "org-agent-skills/repos/orgs-ai-harness/approval.yml",
        "hashed_secret": "611d3d7ffa43a643320ec6d0d62be4c92ee247ed",
        "is_verified": false,
        "line_number": 159
      },
      {
        "type": "Hex High Entropy String",
        "filename": "org-agent-skills/repos/orgs-ai-harness/approval.yml",
        "hashed_secret": "c183e402d51a98f2b03b34254ebc716a7d3c698b",
        "is_verified": false,
        "line_number": 164
      },
      {
        "type": "Hex High Entropy String",
        "filename": "org-agent-skills/repos/orgs-ai-harness/approval.yml",
        "hashed_secret": "e0ab8fc9582b7889d9fac4647586c2138db9cc22",
        "is_verified": false,
        "line_number": 204
      },
      {
        "type": "Hex High Entropy String",
        "filename": "org-agent-skills/repos/orgs-ai-harness/approval.yml",
        "hashed_secret": "e8f851aaea5d9d1341513d032d5ae1136a2045c3",
        "is_verified": false,
        "line_number": 209
      }
    ],
    "org-agent-skills/repos/orgs-ai-harness/eval-report.yml": [
      {
        "type": "Hex High Entropy String",
        "filename": "org-agent-skills/repos/orgs-ai-harness/eval-report.yml",
        "hashed_secret": "2dba1a68629033bf42cc5165903c775f408e1526",
        "is_verified": false,
        "line_number": 5
      }
    ],
    "org-agent-skills/repos/orgs-ai-harness/llm-skill-generation.log": [
      {
        "type": "Hex High Entropy String",
        "filename": "org-agent-skills/repos/orgs-ai-harness/llm-skill-generation.log",
        "hashed_secret": "2dba1a68629033bf42cc5165903c775f408e1526",
        "is_verified": false,
        "line_number": 1630
      }
    ],
    "org-agent-skills/repos/orgs-ai-harness/scan/scan-manifest.yml": [
      {
        "type": "Hex High Entropy String",
        "filename": "org-agent-skills/repos/orgs-ai-harness/scan/scan-manifest.yml",
        "hashed_secret": "2dba1a68629033bf42cc5165903c775f408e1526",
        "is_verified": false,
        "line_number": 4
      }
    ],
    "org-agent-skills/repos/vitals-db/approval.yml": [
      {
        "type": "Hex High Entropy String",
        "filename": "org-agent-skills/repos/vitals-db/approval.yml",
        "hashed_secret": "fffde636f4f1af370d01891b719e1692c987235b",
        "is_verified": false,
        "line_number": 48
      },
      {
        "type": "Hex High Entropy String",
        "filename": "org-agent-skills/repos/vitals-db/approval.yml",
        "hashed_secret": "fa296e673ee67645e05da47307e4ed00d2658561",
        "is_verified": false,
        "line_number": 53
      },
      {
        "type": "Hex High Entropy String",
        "filename": "org-agent-skills/repos/vitals-db/approval.yml",
        "hashed_secret": "48080859d746739b577ba7c2970baebd3c8356d3",
        "is_verified": false,
        "line_number": 58
      },
      {
        "type": "Hex High Entropy String",
        "filename": "org-agent-skills/repos/vitals-db/approval.yml",
        "hashed_secret": "0271812afdf2d065bd323e71ac0b42e30683206b",
        "is_verified": false,
        "line_number": 63
      },
      {
        "type": "Hex High Entropy String",
        "filename": "org-agent-skills/repos/vitals-db/approval.yml",
        "hashed_secret": "245f49b7cba43abe4ae21cd7fae1ff7dede1b526",
        "is_verified": false,
        "line_number": 68
      },
      {
        "type": "Hex High Entropy String",
        "filename": "org-agent-skills/repos/vitals-db/approval.yml",
        "hashed_secret": "78fee0728e55e8f3becbf9408dc0f35bafb5dad8",
        "is_verified": false,
        "line_number": 73
      },
      {
        "type": "Hex High Entropy String",
        "filename": "org-agent-skills/repos/vitals-db/approval.yml",
        "hashed_secret": "7a2ea5b0fc5833c5a3110e94c0e91d29991e5e99",
        "is_verified": false,
        "line_number": 78
      },
      {
        "type": "Hex High Entropy String",
        "filename": "org-agent-skills/repos/vitals-db/approval.yml",
        "hashed_secret": "e4ec48b535db882e7306c91bdc01919a5edac636",
        "is_verified": false,
        "line_number": 83
      },
      {
        "type": "Hex High Entropy String",
        "filename": "org-agent-skills/repos/vitals-db/approval.yml",
        "hashed_secret": "8515a3c3d108aec61507bcbfc5a5f98eca786312",
        "is_verified": false,
        "line_number": 123
      },
      {
        "type": "Hex High Entropy String",
        "filename": "org-agent-skills/repos/vitals-db/approval.yml",
        "hashed_secret": "43736aee8b571b3ca7b1c313421c8bae2fd80bbc",
        "is_verified": false,
        "line_number": 128
      },
      {
        "type": "Hex High Entropy String",
        "filename": "org-agent-skills/repos/vitals-db/approval.yml",
        "hashed_secret": "81c03e703e8af62cfa3588373163d13cc57af4c7",
        "is_verified": false,
        "line_number": 133
      },
      {
        "type": "Hex High Entropy String",
        "filename": "org-agent-skills/repos/vitals-db/approval.yml",
        "hashed_secret": "a5e88ff779dd921faa21ada2b54dc6b4bc25b429",
        "is_verified": false,
        "line_number": 138
      },
      {
        "type": "Hex High Entropy String",
        "filename": "org-agent-skills/repos/vitals-db/approval.yml",
        "hashed_secret": "4ca05b607f12224c6546191b035c0d4a7f26f0f2",
        "is_verified": false,
        "line_number": 143
      },
      {
        "type": "Hex High Entropy String",
        "filename": "org-agent-skills/repos/vitals-db/approval.yml",
        "hashed_secret": "42157a0c2e3c2a15f4061bbcf17d32d463386d38",
        "is_verified": false,
        "line_number": 148
      },
      {
        "type": "Hex High Entropy String",
        "filename": "org-agent-skills/repos/vitals-db/approval.yml",
        "hashed_secret": "2f3937d28728a65db939e69f866e002238c5e09d",
        "is_verified": false,
        "line_number": 153
      },
      {
        "type": "Hex High Entropy String",
        "filename": "org-agent-skills/repos/vitals-db/approval.yml",
        "hashed_secret": "611d3d7ffa43a643320ec6d0d62be4c92ee247ed",
        "is_verified": false,
        "line_number": 158
      },
      {
        "type": "Hex High Entropy String",
        "filename": "org-agent-skills/repos/vitals-db/approval.yml",
        "hashed_secret": "99a0aaedbfd585725d098872ee410b807a19a567",
        "is_verified": false,
        "line_number": 163
      },
      {
        "type": "Hex High Entropy String",
        "filename": "org-agent-skills/repos/vitals-db/approval.yml",
        "hashed_secret": "a95e312f31f2297ad08b81d219f6b9d4305d35b3",
        "is_verified": false,
        "line_number": 203
      }
    ],
    "org-agent-skills/repos/vitals-db/eval-report.yml": [
      {
        "type": "Hex High Entropy String",
        "filename": "org-agent-skills/repos/vitals-db/eval-report.yml",
        "hashed_secret": "cd4511eaec24fe5f1f5a23bbfd3eb0d097adc075",
        "is_verified": false,
        "line_number": 5
      }
    ],
    "org-agent-skills/repos/vitals-db/llm-skill-generation.log": [
      {
        "type": "Hex High Entropy String",
        "filename": "org-agent-skills/repos/vitals-db/llm-skill-generation.log",
        "hashed_secret": "cd4511eaec24fe5f1f5a23bbfd3eb0d097adc075",
        "is_verified": false,
        "line_number": 1753
      }
    ],
    "org-agent-skills/repos/vitals-db/scan/scan-manifest.yml": [
      {
        "type": "Hex High Entropy String",
        "filename": "org-agent-skills/repos/vitals-db/scan/scan-manifest.yml",
        "hashed_secret": "cd4511eaec24fe5f1f5a23bbfd3eb0d097adc075",
        "is_verified": false,
        "line_number": 4
      }
    ]
  },
  "generated_at": "2026-04-29T03:52:23Z"
}
